I1113 21:26:33.585480   17296 load.go:31] Reloading schema and connectors...
I1113 21:26:33.627159   17296 control.go:94] [/emulator/profile eb9a] UpdateResources(): done
Main schema: sources: schema\schema.gql [1069B] 
Connector "example": sources: 
E1113 21:26:33.660669   17296 load.go:95] Errors generating SDK: [connector "example"]: invalid Data Connect Connector no query found in connector
I1113 21:26:33.669918   17296 collector.go:107] schema extensions wrote into "C:\\Users\\Ravinidi\\Documents\\GitHub\\MyProject\\Profile\\dataconnect\\.dataconnect\\schema"
Generated sources: main\implicit.gql [3561B] prelude.gql [73219B] main\input.gql [64854B] main\relation.gql [36178B] main\query.gql [7515B] main\mutation.gql [20299B] 
I1113 21:26:33.669918   17296 load.go:109] Finished reloading
I1113 21:26:33.674404   17296 dev.go:105] Listening on address (HTTP + gRPC): 127.0.0.1:9399
I1113 21:26:33.675469   17296 dev.go:105] Listening on address (HTTP + gRPC): [::1]:9399
I1113 21:26:40.389297   17296 migrate.go:24] Running migration SQL:
Step 1: CREATE EXTENSION IF NOT EXISTS "uuid-ossp"
Step 2: CREATE TABLE "public"."user" ("id" uuid NOT NULL DEFAULT uuid_generate_v4(), "address" text NULL, "created_at" timestamptz NOT NULL, "display_name" text NOT NULL, "email" text NOT NULL, "phone_number" text NULL, "photo_url" text NULL, "user_type" text NOT NULL, PRIMARY KEY ("id"))
Step 3: CREATE TABLE "public"."vendor_profile" ("id" uuid NOT NULL DEFAULT uuid_generate_v4(), "vendor_id" uuid NOT NULL, "business_category" text NOT NULL, "description" text NOT NULL, "social_media_links" text[] NULL, "vendor_name" text NOT NULL, "website" text NULL, PRIMARY KEY ("id"), CONSTRAINT "vendor_profile_vendor_id_fkey" FOREIGN KEY ("vendor_id") REFERENCES "public"."user" ("id") ON DELETE CASCADE)
Step 4: CREATE INDEX "vendor_profile_vendorId_idx" ON "public"."vendor_profile" ("vendor_id")
Step 5: CREATE TABLE "public"."order" ("id" uuid NOT NULL DEFAULT uuid_generate_v4(), "buyer_id" uuid NOT NULL, "vendor_profile_id" uuid NULL, "notes" text NULL, "order_date" timestamptz NOT NULL, "order_status" text NOT NULL, "shipping_address" text NOT NULL, "total_amount" double precision NOT NULL, "tracking_number" text NULL, PRIMARY KEY ("id"), CONSTRAINT "order_buyer_id_fkey" FOREIGN KEY ("buyer_id") REFERENCES "public"."user" ("id") ON DELETE CASCADE, CONSTRAINT "order_vendor_profile_id_fkey" FOREIGN KEY ("vendor_profile_id") REFERENCES "public"."vendor_profile" ("id") ON DELETE SET NULL)
Step 6: CREATE INDEX "order_buyerId_idx" ON "public"."order" ("buyer_id")
Step 7: CREATE INDEX "order_vendorProfileId_idx" ON "public"."order" ("vendor_profile_id")
Step 8: CREATE TABLE "public"."product" ("id" uuid NOT NULL DEFAULT uuid_generate_v4(), "vendor_profile_id" uuid NOT NULL, "category" text NULL, "created_at" timestamptz NOT NULL, "description" text NOT NULL, "dimensions" text NULL, "image_urls" text[] NULL, "name" text NOT NULL, "price" double precision NOT NULL, "stock_quantity" integer NOT NULL, "weight" double precision NULL, PRIMARY KEY ("id"), CONSTRAINT "product_vendor_profile_id_fkey" FOREIGN KEY ("vendor_profile_id") REFERENCES "public"."vendor_profile" ("id") ON DELETE CASCADE)
Step 9: CREATE INDEX "product_vendorProfileId_idx" ON "public"."product" ("vendor_profile_id")
Step 10: CREATE TABLE "public"."order_item" ("order_id" uuid NOT NULL, "product_id" uuid NOT NULL, "quantity" integer NOT NULL, "unit_price" double precision NOT NULL, PRIMARY KEY ("order_id", "product_id"), CONSTRAINT "order_item_order_id_fkey" FOREIGN KEY ("order_id") REFERENCES "public"."order" ("id") ON DELETE CASCADE, CONSTRAINT "order_item_product_id_fkey" FOREIGN KEY ("product_id") REFERENCES "public"."product" ("id") ON DELETE CASCADE)
Step 11: CREATE INDEX "order_item_orderId_idx" ON "public"."order_item" ("order_id")
Step 12: CREATE INDEX "order_item_productId_idx" ON "public"."order_item" ("product_id")
Step 13: CREATE TABLE "public"."review" ("id" uuid NOT NULL DEFAULT uuid_generate_v4(), "product_id" uuid NULL, "reviewer_id" uuid NOT NULL, "vendor_profile_id" uuid NULL, "comment" text NULL, "created_at" timestamptz NOT NULL, "rating" integer NOT NULL, "target_type" text NULL, PRIMARY KEY ("id"), CONSTRAINT "review_product_id_fkey" FOREIGN KEY ("product_id") REFERENCES "public"."product" ("id") ON DELETE SET NULL, CONSTRAINT "review_reviewer_id_fkey" FOREIGN KEY ("reviewer_id") REFERENCES "public"."user" ("id") ON DELETE CASCADE, CONSTRAINT "review_vendor_profile_id_fkey" FOREIGN KEY ("vendor_profile_id") REFERENCES "public"."vendor_profile" ("id") ON DELETE SET NULL)
Step 14: CREATE INDEX "review_productId_idx" ON "public"."review" ("product_id")
Step 15: CREATE INDEX "review_reviewerId_idx" ON "public"."review" ("reviewer_id")
Step 16: CREATE INDEX "review_vendorProfileId_idx" ON "public"."review" ("vendor_profile_id")
I1113 21:26:40.670817   17296 control.go:94] [/emulator/profile e42e] UpdateResources(): done
Main schema: sources: schema\schema.gql [1069B] 
Connector "example": sources: 
